=== COMPREHENSIVE STOCK MEDIA API TEST ===
1. Booting Symfony kernel...
✓ Kernel booted successfully
2. Generating JWT token for test user...

✗ CRITICAL ERROR: The "Doctrine\ORM\EntityManagerInterface" service or alias has been removed or inlined when the container was compiled. You should either make it public, or stop using the container directly and use dependency injection instead.
File: /var/www/html/iamgickpro/backend/vendor/symfony/dependency-injection/Container.php
Line: 240
Stack trace:
#0 /var/www/html/iamgickpro/backend/vendor/symfony/dependency-injection/Container.php(202): Symfony\Component\DependencyInjection\Container::make()
#1 /var/www/html/iamgickpro/backend/comprehensive_api_test.php(40): Symfony\Component\DependencyInjection\Container->get()
#2 {main}
=== COMPREHENSIVE STOCK MEDIA API TEST ===
1. Booting Symfony kernel...

✗ CRITICAL ERROR: Expected to find class "App\Service\StockMedia\Config\StockMediaConfig" in file "/var/www/html/iamgickpro/backend/src/Service/StockMedia/Config/StockMediaConfig.php" while importing services from resource "../src/", but it was not found! Check the namespace prefix used with the resource in /var/www/html/iamgickpro/backend/config/services.yaml (which is being imported from "/var/www/html/iamgickpro/backend/src/Kernel.php").
File: /var/www/html/iamgickpro/backend/vendor/symfony/config/Loader/FileLoader.php
Line: 178
Stack trace:
#0 /var/www/html/iamgickpro/backend/vendor/symfony/config/Loader/FileLoader.php(94): Symfony\Component\Config\Loader\FileLoader->doImport()
#1 /var/www/html/iamgickpro/backend/vendor/symfony/dependency-injection/Loader/FileLoader.php(70): Symfony\Component\Config\Loader\FileLoader->import()
#2 /var/www/html/iamgickpro/backend/vendor/symfony/dependency-injection/Loader/Configurator/ContainerConfigurator.php(64): Symfony\Component\DependencyInjection\Loader\FileLoader->import()
#3 /var/www/html/iamgickpro/backend/vendor/symfony/framework-bundle/Kernel/MicroKernelTrait.php(57): Symfony\Component\DependencyInjection\Loader\Configurator\ContainerConfigurator->import()
#4 /var/www/html/iamgickpro/backend/vendor/symfony/framework-bundle/Kernel/MicroKernelTrait.php(187): App\Kernel->configureContainer()
#5 /var/www/html/iamgickpro/backend/vendor/symfony/dependency-injection/Loader/ClosureLoader.php(36): App\Kernel->{closure:Symfony\Bundle\FrameworkBundle\Kernel\MicroKernelTrait::registerContainerConfiguration():143}()
#6 /var/www/html/iamgickpro/backend/vendor/symfony/config/Loader/DelegatingLoader.php(37): Symfony\Component\DependencyInjection\Loader\ClosureLoader->load()
#7 /var/www/html/iamgickpro/backend/vendor/symfony/framework-bundle/Kernel/MicroKernelTrait.php(143): Symfony\Component\Config\Loader\DelegatingLoader->load()
#8 /var/www/html/iamgickpro/backend/vendor/symfony/http-kernel/Kernel.php(598): App\Kernel->registerContainerConfiguration()
#9 /var/www/html/iamgickpro/backend/vendor/symfony/http-kernel/Kernel.php(487): Symfony\Component\HttpKernel\Kernel->buildContainer()
#10 /var/www/html/iamgickpro/backend/vendor/symfony/http-kernel/Kernel.php(733): Symfony\Component\HttpKernel\Kernel->initializeContainer()
#11 /var/www/html/iamgickpro/backend/vendor/symfony/http-kernel/Kernel.php(123): Symfony\Component\HttpKernel\Kernel->preBoot()
#12 /var/www/html/iamgickpro/backend/comprehensive_api_test.php(30): Symfony\Component\HttpKernel\Kernel->boot()
#13 {main}
